// Jest Snapshot v1, https://goo.gl/fbAQLP

exports[`ColumnVisisbilityController component should render the default ColumnVisisbilityController 1`] = `
<React.Fragment>
  <span
    onClick={[Function]}
  >
    Foo
  </span>
  <ForwardRef(Menu)
    anchorEl={null}
    anchorOrigin={
      Object {
        "horizontal": "center",
        "vertical": "bottom",
      }
    }
    className="visibility-controller-button"
    data-testid="column-visibility-menu"
    elevation={2}
    id="wp_table-toolbar_toggle-aggregates-menu"
    onClose={[Function]}
    open={false}
    transformOrigin={
      Object {
        "horizontal": "right",
        "vertical": "top",
      }
    }
  >
    <ForwardRef(List)
      classes={
        Object {
          "root": "table-interaction-menu",
        }
      }
    >
      <ForwardRef(MenuItem)
        data-testid="column-visibility-foo"
        onClick={[Function]}
      >
        <ForwardRef(ListItemIcon)>
          <ForwardRef(Icon)
            data-testid="visibility-off"
          >
            visibility_off
          </ForwardRef(Icon)>
        </ForwardRef(ListItemIcon)>
        <ForwardRef(ListItemText)
          id="FOO"
          primary="FOO"
        />
      </ForwardRef(MenuItem)>
      <ForwardRef(MenuItem)
        data-testid="column-visibility-bar"
        onClick={[Function]}
      >
        <ForwardRef(ListItemIcon)>
          <ForwardRef(Icon)
            data-testid="visibility-on"
          >
            visibility
          </ForwardRef(Icon)>
        </ForwardRef(ListItemIcon)>
        <ForwardRef(ListItemText)
          id="BAR"
          primary="BAR"
        />
      </ForwardRef(MenuItem)>
    </ForwardRef(List)>
  </ForwardRef(Menu)>
</React.Fragment>
`;
