// Jest Snapshot v1, https://goo.gl/fbAQLP

exports[`FixedRowController component should render the default FixedRowController 1`] = `
<span
  onClick={[Function]}
>
  Bar
</span>
`;
