// Jest Snapshot v1, https://goo.gl/fbAQLP

exports[`FixedColumnController component should render the default FixedColumnController 1`] = `
<span
  onClick={[Function]}
>
  Bar
</span>
`;
