// Jest Snapshot v1, https://goo.gl/fbAQLP

exports[`SelectionHandler component should render children 1`] = `
<div
  className="selection-handler-container"
>
  <ContextMenuHandler
    selectedCells={{}}
  >
    [Function]
  </ContextMenuHandler>
</div>
`;
